"CLOSE": 001u.lammpstrj
"Opening": 002u.lammpstrj……
